// Jest Snapshot v1, https://goo.gl/fbAQLP

exports[`render the chooser 1`] = `
<DocumentFragment>
  <div>
    <div
      class="neo-popover neo-popover--column columns--grid"
    >
      <div
        class="neo-popover__column column__grid"
      >
        <div
          class="column__chooser"
        >
          <div
            class="column__header"
          >
            <div
              class=""
            >
              <strong>
                Column Chooser
              </strong>
            </div>
          </div>
          <div
            class="column__body"
          >
            <div>
              <input
                class="custom__ctrl"
                placeholder="Search column"
                type="text"
              />
            </div>
            <div
              class="column__selectAll"
            >
              <div
                class="column__checkbox"
              >
                <input
                  checked=""
                  data-testid="selectAllCheckBox"
                  id="selectallcolumncheckbox"
                  type="checkbox"
                />
              </div>
              <div
                class="column__txt"
              >
                Select all
              </div>
            </div>
            <div
              class="column__wrap"
            >
              <div
                class="column__checkbox"
              >
                <input
                  checked=""
                  data-testid="addToColumnReorderEntityList"
                  id="checkboxtoselectreorder_FlightNo"
                  type="checkbox"
                />
              </div>
              <div
                class="column__txt"
              >
                FlightNo
              </div>
            </div>
            <div
              class="column__wrap"
            >
              <div
                class="column__checkbox"
              >
                <input
                  checked=""
                  data-testid="addToColumnReorderEntityList"
                  id="checkboxtoselectreorder_Date"
                  type="checkbox"
                />
              </div>
              <div
                class="column__txt"
              >
                Date
              </div>
            </div>
            <div
              class="column__wrap"
            >
              <div
                class="column__checkbox"
              >
                <input
                  checked=""
                  data-testid="addToColumnReorderEntityList"
                  id="checkboxtoselectreorder_Segment From"
                  type="checkbox"
                />
              </div>
              <div
                class="column__txt"
              >
                Segment From
              </div>
            </div>
          </div>
        </div>
        <div
          class="column__settings"
        >
          <div
            class="column__header"
          >
            <div
              class="column__headerTxt"
            >
              <strong>
                Column Settings
              </strong>
            </div>
            <div
              class="column__close"
              data-testid="closeColumnReordering"
              role="presentation"
            >
              <i>
                <svg
                  height="14px"
                  width="14px"
                >
                  <path
                    d="M13.67 10.465c.22.22.33.487.33.801 0 .314-.11.581-.33.801l-1.603 1.603c-.22.22-.487.33-.801.33-.314 0-.581-.11-.801-.33L7 10.205 3.535 13.67c-.22.22-.487.33-.801.33-.314 0-.581-.11-.801-.33L.33 12.067c-.22-.22-.33-.487-.33-.801 0-.314.11-.581.33-.801L3.795 7 .33 3.535C.11 3.315 0 3.048 0 2.734c0-.314.11-.581.33-.801L1.933.33c.22-.22.487-.33.801-.33.314 0 .581.11.801.33L7 3.795 10.465.33c.22-.22.487-.33.801-.33.314 0 .581.11.801.33l1.603 1.603c.22.22.33.487.33.801 0 .314-.11.581-.33.801L10.205 7l3.465 3.465z"
                    fill="#3c476f"
                    fill-opacity="0.71"
                  />
                </svg>
              </i>
            </div>
          </div>
          <div
            class="column__body"
          >
            <div
              class="column__info"
            >
              <strong>
                    Selected Column Count : 3
              </strong>
              <strong>
                    Left Pinned Column Count Remaining : 5
              </strong>
            </div>
            <div
              style="display: flex; flex-wrap: wrap;"
            >
              <div
                data-testid="columnItem"
                draggable="true"
                style="cursor: move; opacity: 1;"
              >
                <div
                  class="column__reorder"
                >
                  <div
                    class="column_drag"
                    style="cursor: move;"
                  >
                    <i>
                      <svg
                        height="9px"
                        width="10px"
                      >
                        <path
                          d="M9.876 7.334A.45.45 0 0110 7.65v.9a.45.45 0 01-.124.316.386.386 0 01-.293.134H.417a.386.386 0 01-.293-.134A.45.45 0 010 8.55v-.9a.45.45 0 01.124-.316.386.386 0 01.293-.134h9.166c.113 0 .21.045.293.134zm0-3.6A.45.45 0 0110 4.05v.9a.45.45 0 01-.124.316.386.386 0 01-.293.134H.417a.386.386 0 01-.293-.134A.45.45 0 010 4.95v-.9a.45.45 0 01.124-.316.386.386 0 01.293-.134h9.166c.113 0 .21.045.293.134zm0-3.6A.45.45 0 0110 .45v.9a.45.45 0 01-.124.316.386.386 0 01-.293.134H.417a.386.386 0 01-.293-.134A.45.45 0 010 1.35v-.9A.45.45 0 01.124.134.386.386 0 01.417 0h9.166c.113 0 .21.045.293.134z"
                          fill="#1a4769"
                          fill-opacity="0.498"
                        />
                      </svg>
                    </i>
                  </div>
                  <div
                    class="column__reorder__name"
                  >
                    FlightNo
                  </div>
                  <div
                    class="column__innerCells__wrap"
                  >
                    <div
                      class="column__wrap"
                    >
                      <div
                        class="column__checkbox"
                      >
                        <input
                          data-testid="reArrangeLeftPin"
                          id="checkBoxToPinLeft_FlightNo"
                          role="button"
                          type="checkbox"
                        />
                      </div>
                      <div
                        class="column__txt"
                      >
                        Pin Left
                      </div>
                    </div>
                  </div>
                </div>
              </div>
              <div
                data-testid="columnItem"
                draggable="true"
                style="cursor: move; opacity: 1;"
              >
                <div
                  class="column__reorder"
                >
                  <div
                    class="column_drag"
                    style="cursor: move;"
                  >
                    <i>
                      <svg
                        height="9px"
                        width="10px"
                      >
                        <path
                          d="M9.876 7.334A.45.45 0 0110 7.65v.9a.45.45 0 01-.124.316.386.386 0 01-.293.134H.417a.386.386 0 01-.293-.134A.45.45 0 010 8.55v-.9a.45.45 0 01.124-.316.386.386 0 01.293-.134h9.166c.113 0 .21.045.293.134zm0-3.6A.45.45 0 0110 4.05v.9a.45.45 0 01-.124.316.386.386 0 01-.293.134H.417a.386.386 0 01-.293-.134A.45.45 0 010 4.95v-.9a.45.45 0 01.124-.316.386.386 0 01.293-.134h9.166c.113 0 .21.045.293.134zm0-3.6A.45.45 0 0110 .45v.9a.45.45 0 01-.124.316.386.386 0 01-.293.134H.417a.386.386 0 01-.293-.134A.45.45 0 010 1.35v-.9A.45.45 0 01.124.134.386.386 0 01.417 0h9.166c.113 0 .21.045.293.134z"
                          fill="#1a4769"
                          fill-opacity="0.498"
                        />
                      </svg>
                    </i>
                  </div>
                  <div
                    class="column__reorder__name"
                  >
                    Date
                  </div>
                  <div
                    class="column__innerCells__wrap"
                  >
                    <div
                      class="column__wrap"
                    >
                      <div
                        class="column__checkbox"
                      >
                        <input
                          data-testid="reArrangeLeftPin"
                          id="checkBoxToPinLeft_Date"
                          role="button"
                          type="checkbox"
                        />
                      </div>
                      <div
                        class="column__txt"
                      >
                        Pin Left
                      </div>
                    </div>
                  </div>
                </div>
              </div>
              <div
                data-testid="columnItem"
                draggable="true"
                style="cursor: move; opacity: 1;"
              >
                <div
                  class="column__reorder"
                >
                  <div
                    class="column_drag"
                    style="cursor: move;"
                  >
                    <i>
                      <svg
                        height="9px"
                        width="10px"
                      >
                        <path
                          d="M9.876 7.334A.45.45 0 0110 7.65v.9a.45.45 0 01-.124.316.386.386 0 01-.293.134H.417a.386.386 0 01-.293-.134A.45.45 0 010 8.55v-.9a.45.45 0 01.124-.316.386.386 0 01.293-.134h9.166c.113 0 .21.045.293.134zm0-3.6A.45.45 0 0110 4.05v.9a.45.45 0 01-.124.316.386.386 0 01-.293.134H.417a.386.386 0 01-.293-.134A.45.45 0 010 4.95v-.9a.45.45 0 01.124-.316.386.386 0 01.293-.134h9.166c.113 0 .21.045.293.134zm0-3.6A.45.45 0 0110 .45v.9a.45.45 0 01-.124.316.386.386 0 01-.293.134H.417a.386.386 0 01-.293-.134A.45.45 0 010 1.35v-.9A.45.45 0 01.124.134.386.386 0 01.417 0h9.166c.113 0 .21.045.293.134z"
                          fill="#1a4769"
                          fill-opacity="0.498"
                        />
                      </svg>
                    </i>
                  </div>
                  <div
                    class="column__reorder__name"
                  >
                    Segment From
                  </div>
                  <div
                    class="column__innerCells__wrap"
                  >
                    <div
                      class="column__wrap"
                    >
                      <div
                        class="column__checkbox"
                      >
                        <input
                          data-testid="reArrangeLeftPin"
                          id="checkBoxToPinLeft_Segment From"
                          role="button"
                          type="checkbox"
                        />
                      </div>
                      <div
                        class="column__txt"
                      >
                        Pin Left
                      </div>
                    </div>
                  </div>
                </div>
              </div>
            </div>
          </div>
          <div
            class="column__footer"
          >
            <div
              class="column__btns"
            >
              <button
                class="btns"
                data-testid="resetButton"
                type="button"
              >
                Reset
              </button>
              <button
                class="btns"
                data-testid="cancelButton"
                type="button"
              >
                Cancel
              </button>
              <button
                class="btns btns__save"
                data-testid="saveButton"
                type="button"
              >
                Save
              </button>
            </div>
          </div>
        </div>
      </div>
    </div>
  </div>
</DocumentFragment>
`;
