// Jest Snapshot v1, https://goo.gl/fbAQLP

exports[`<ExportData /> render correctly component 1`] = `
<div
  className="export__settings"
/>
`;

exports[`<ExportData /> simulates all columncheckBox change event 1`] = `ShallowWrapper {}`;

exports[`<ExportData /> simulates close of export click event 1`] = `ShallowWrapper {}`;

exports[`<ExportData /> simulates csv checkbox change event 1`] = `ShallowWrapper {}`;

exports[`<ExportData /> simulates excel checkbox change event 1`] = `ShallowWrapper {}`;

exports[`<ExportData /> simulates search export input field 1`] = `ShallowWrapper {}`;
